
> frontend@0.1.0 build
> next build

▲ Next.js 16.1.6 (Turbopack)
- Environments: .env.local

⚠ The "middleware" file convention is deprecated. Please use "proxy" instead. Learn more: https://nextjs.org/docs/messages/middleware-to-proxy
  Creating an optimized production build ...
✓ Compiled successfully in 16.6s
  Running TypeScript ...
Failed to compile.

./src/components/pharmacy/pos/create-return-dialog.tsx:105:9
Type error: Type '{ medicineId: string | undefined; itemName: string; itemDescription: string | undefined; unit: string; price: number; mrp: number; quantity: number; totalPrice: number; batchNumber: string | undefined; expiryDate: string | undefined; }[]' is not assignable to type 'SaleReturnItem[]'.
  Type '{ medicineId: string | undefined; itemName: string; itemDescription: string | undefined; unit: string; price: number; mrp: number; quantity: number; totalPrice: number; batchNumber: string | undefined; expiryDate: string | undefined; }' is not assignable to type 'SaleReturnItem'.
    Types of property 'medicineId' are incompatible.
      Type 'string | undefined' is not assignable to type 'string'.
        Type 'undefined' is not assignable to type 'string'.

[0m [90m 103 |[39m         saleId[33m:[39m sale[33m.[39mid[33m,[39m
 [90m 104 |[39m         status[33m:[39m [32m'completed'[39m[33m,[39m
[31m[1m>[22m[39m[90m 105 |[39m         saleReturnItems
 [90m     |[39m         [31m[1m^[22m[39m
 [90m 106 |[39m       }
 [90m 107 |[39m
 [90m 108 |[39m       [0m
Next.js build worker exited with code: 1 and signal: null
