
> frontend@0.1.0 build
> next build

▲ Next.js 16.1.6 (Turbopack)
- Environments: .env.local

⚠ The "middleware" file convention is deprecated. Please use "proxy" instead. Learn more: https://nextjs.org/docs/messages/middleware-to-proxy
  Creating an optimized production build ...
✓ Compiled successfully in 12.4s
  Running TypeScript ...
  Collecting page data using 11 workers ...
  Generating static pages using 11 workers (0/2) ...
✓ Generating static pages using 11 workers (2/2) in 97.1ms
  Finalizing page optimization ...

Route (app)
┌ ○ /_not-found
├ ƒ /[locale]
├ ƒ /[locale]/appointments
├ ƒ /[locale]/auth/login
├ ƒ /[locale]/billing/appointment
├ ƒ /[locale]/billing/pathology
├ ƒ /[locale]/billing/radiology
├ ƒ /[locale]/branches
├ ƒ /[locale]/dashboard
├ ƒ /[locale]/diagnostic
├ ƒ /[locale]/finance
├ ƒ /[locale]/finance/accounts/[id]
├ ƒ /[locale]/hr
├ ƒ /[locale]/hr/departments
├ ƒ /[locale]/hr/designations
├ ƒ /[locale]/hr/employees
├ ƒ /[locale]/media
├ ƒ /[locale]/patients
├ ƒ /[locale]/pharmacy
├ ƒ /[locale]/pharmacy/insurance
├ ƒ /[locale]/pharmacy/inventory
├ ƒ /[locale]/pharmacy/inventory/medicines
├ ƒ /[locale]/pharmacy/pos
├ ƒ /[locale]/pharmacy/prescriptions
├ ƒ /[locale]/pharmacy/registers
├ ƒ /[locale]/pharmacy/reminders
├ ƒ /[locale]/pharmacy/setup
├ ƒ /[locale]/profile
├ ƒ /[locale]/purchases
├ ƒ /[locale]/reports
├ ƒ /[locale]/sales
├ ƒ /[locale]/sales/returns
├ ƒ /[locale]/settings
├ ƒ /[locale]/settings/roles
├ ƒ /[locale]/settings/users
├ ƒ /[locale]/setup
└ ƒ /[locale]/suppliers


ƒ Proxy (Middleware)

○  (Static)   prerendered as static content
ƒ  (Dynamic)  server-rendered on demand

