node_modules/@hello-pangea/dnd/dist/dnd.d.ts(2,8): error TS1259: Module '"D:/hospitalmanagment/node_modules/@types/react/index"' can only be default-imported using the 'esModuleInterop' flag
node_modules/sonner/dist/index.d.ts(1,8): error TS1259: Module '"D:/hospitalmanagment/node_modules/@types/react/index"' can only be default-imported using the 'esModuleInterop' flag
src/components/diagnostic/result-entry-dialog.tsx(3,24): error TS2307: Cannot find module '@/components/ui/button' or its corresponding type declarations.
src/components/diagnostic/result-entry-dialog.tsx(4,99): error TS2307: Cannot find module '@/components/ui/dialog' or its corresponding type declarations.
src/components/diagnostic/result-entry-dialog.tsx(5,23): error TS2307: Cannot find module '@/components/ui/input' or its corresponding type declarations.
src/components/diagnostic/result-entry-dialog.tsx(6,23): error TS2307: Cannot find module '@/components/ui/label' or its corresponding type declarations.
src/components/diagnostic/result-entry-dialog.tsx(7,132): error TS2307: Cannot find module '@/components/ui/dropdown-menu' or its corresponding type declarations.
src/components/diagnostic/result-entry-dialog.tsx(8,79): error TS2307: Cannot find module '@/components/ui/select' or its corresponding type declarations.
src/components/diagnostic/result-entry-dialog.tsx(9,26): error TS2307: Cannot find module '@/components/ui/textarea' or its corresponding type declarations.
src/components/diagnostic/result-entry-dialog.tsx(11,127): error TS2307: Cannot find module '@/hooks/diagnostic-queries' or its corresponding type declarations.
src/components/diagnostic/result-entry-dialog.tsx(12,30): error TS2307: Cannot find module '@/hooks/hr-queries' or its corresponding type declarations.
src/components/diagnostic/result-entry-dialog.tsx(13,32): error TS2307: Cannot find module '@/hooks/use-permissions' or its corresponding type declarations.
src/components/diagnostic/result-entry-dialog.tsx(14,57): error TS2307: Cannot find module '@/components/ui/popover' or its corresponding type declarations.
src/components/diagnostic/result-entry-dialog.tsx(15,93): error TS2307: Cannot find module '@/components/ui/command' or its corresponding type declarations.
src/components/diagnostic/result-entry-dialog.tsx(16,20): error TS2307: Cannot find module '@/lib/utils' or its corresponding type declarations.
src/components/diagnostic/result-entry-dialog.tsx(17,33): error TS2307: Cannot find module '@/store/use-store-context' or its corresponding type declarations.
src/components/diagnostic/result-entry-dialog.tsx(18,139): error TS2307: Cannot find module '@/types/diagnostic' or its corresponding type declarations.
src/components/diagnostic/result-entry-dialog.tsx(39,9): error TS17004: Cannot use JSX unless the '--jsx' flag is provided.
src/components/diagnostic/result-entry-dialog.tsx(40,13): error TS17004: Cannot use JSX unless the '--jsx' flag is provided.
src/components/diagnostic/result-entry-dialog.tsx(41,17): error TS17004: Cannot use JSX unless the '--jsx' flag is provided.
src/components/diagnostic/result-entry-dialog.tsx(42,21): error TS17004: Cannot use JSX unless the '--jsx' flag is provided.
src/components/diagnostic/result-entry-dialog.tsx(44,17): error TS17004: Cannot use JSX unless the '--jsx' flag is provided.
src/components/diagnostic/result-entry-dialog.tsx(45,21): error TS17004: Cannot use JSX unless the '--jsx' flag is provided.
src/components/diagnostic/result-entry-dialog.tsx(47,17): error TS17004: Cannot use JSX unless the '--jsx' flag is provided.
src/components/diagnostic/result-entry-dialog.tsx(48,21): error TS17004: Cannot use JSX unless the '--jsx' flag is provided.
src/components/diagnostic/result-entry-dialog.tsx(50,17): error TS17004: Cannot use JSX unless the '--jsx' flag is provided.
src/components/diagnostic/result-entry-dialog.tsx(51,17): error TS17004: Cannot use JSX unless the '--jsx' flag is provided.
src/components/diagnostic/result-entry-dialog.tsx(52,21): error TS17004: Cannot use JSX unless the '--jsx' flag is provided.
src/components/diagnostic/result-entry-dialog.tsx(55,13): error TS17004: Cannot use JSX unless the '--jsx' flag is provided.
src/components/diagnostic/result-entry-dialog.tsx(62,13): error TS17004: Cannot use JSX unless the '--jsx' flag is provided.
src/components/diagnostic/result-entry-dialog.tsx(62,20): error TS2322: Type '{ children: string; jsx: true; }' is not assignable to type 'DetailedHTMLProps<StyleHTMLAttributes<HTMLStyleElement>, HTMLStyleElement>'.
  Property 'jsx' does not exist on type 'DetailedHTMLProps<StyleHTMLAttributes<HTMLStyleElement>, HTMLStyleElement>'.
src/components/diagnostic/result-entry-dialog.tsx(413,9): error TS17004: Cannot use JSX unless the '--jsx' flag is provided.
src/components/diagnostic/result-entry-dialog.tsx(414,13): error TS17004: Cannot use JSX unless the '--jsx' flag is provided.
src/components/diagnostic/result-entry-dialog.tsx(415,17): error TS17004: Cannot use JSX unless the '--jsx' flag is provided.
src/components/diagnostic/result-entry-dialog.tsx(416,21): error TS17004: Cannot use JSX unless the '--jsx' flag is provided.
src/components/diagnostic/result-entry-dialog.tsx(417,25): error TS17004: Cannot use JSX unless the '--jsx' flag is provided.
src/components/diagnostic/result-entry-dialog.tsx(418,29): error TS17004: Cannot use JSX unless the '--jsx' flag is provided.
src/components/diagnostic/result-entry-dialog.tsx(419,33): error TS17004: Cannot use JSX unless the '--jsx' flag is provided.
src/components/diagnostic/result-entry-dialog.tsx(422,29): error TS17004: Cannot use JSX unless the '--jsx' flag is provided.
src/components/diagnostic/result-entry-dialog.tsx(423,51): error TS17004: Cannot use JSX unless the '--jsx' flag is provided.
src/components/diagnostic/result-entry-dialog.tsx(426,25): error TS17004: Cannot use JSX unless the '--jsx' flag is provided.
src/components/diagnostic/result-entry-dialog.tsx(427,29): error TS17004: Cannot use JSX unless the '--jsx' flag is provided.
src/components/diagnostic/result-entry-dialog.tsx(428,33): error TS17004: Cannot use JSX unless the '--jsx' flag is provided.
src/components/diagnostic/result-entry-dialog.tsx(429,33): error TS17004: Cannot use JSX unless the '--jsx' flag is provided.
src/components/diagnostic/result-entry-dialog.tsx(430,37): error TS17004: Cannot use JSX unless the '--jsx' flag is provided.
src/components/diagnostic/result-entry-dialog.tsx(431,41): error TS17004: Cannot use JSX unless the '--jsx' flag is provided.
src/components/diagnostic/result-entry-dialog.tsx(432,45): error TS17004: Cannot use JSX unless the '--jsx' flag is provided.
src/components/diagnostic/result-entry-dialog.tsx(433,45): error TS17004: Cannot use JSX unless the '--jsx' flag is provided.
src/components/diagnostic/result-entry-dialog.tsx(436,37): error TS17004: Cannot use JSX unless the '--jsx' flag is provided.
src/components/diagnostic/result-entry-dialog.tsx(437,41): error TS17004: Cannot use JSX unless the '--jsx' flag is provided.
src/components/diagnostic/result-entry-dialog.tsx(439,45): error TS17004: Cannot use JSX unless the '--jsx' flag is provided.
src/components/diagnostic/result-entry-dialog.tsx(440,49): error TS17004: Cannot use JSX unless the '--jsx' flag is provided.
src/components/diagnostic/result-entry-dialog.tsx(441,53): error TS17004: Cannot use JSX unless the '--jsx' flag is provided.
src/components/diagnostic/result-entry-dialog.tsx(442,53): error TS17004: Cannot use JSX unless the '--jsx' flag is provided.
src/components/diagnostic/result-entry-dialog.tsx(448,57): error TS17004: Cannot use JSX unless the '--jsx' flag is provided.
src/components/diagnostic/result-entry-dialog.tsx(456,29): error TS17004: Cannot use JSX unless the '--jsx' flag is provided.
src/components/diagnostic/result-entry-dialog.tsx(457,33): error TS17004: Cannot use JSX unless the '--jsx' flag is provided.
src/components/diagnostic/result-entry-dialog.tsx(461,48): error TS17004: Cannot use JSX unless the '--jsx' flag is provided.
src/components/diagnostic/result-entry-dialog.tsx(462,21): error TS17004: Cannot use JSX unless the '--jsx' flag is provided.
src/components/diagnostic/result-entry-dialog.tsx(463,25): error TS17004: Cannot use JSX unless the '--jsx' flag is provided.
src/components/diagnostic/result-entry-dialog.tsx(464,29): error TS17004: Cannot use JSX unless the '--jsx' flag is provided.
src/components/diagnostic/result-entry-dialog.tsx(465,33): error TS17004: Cannot use JSX unless the '--jsx' flag is provided.
src/components/diagnostic/result-entry-dialog.tsx(466,33): error TS17004: Cannot use JSX unless the '--jsx' flag is provided.
src/components/diagnostic/result-entry-dialog.tsx(467,37): error TS17004: Cannot use JSX unless the '--jsx' flag is provided.
src/components/diagnostic/result-entry-dialog.tsx(469,33): error TS17004: Cannot use JSX unless the '--jsx' flag is provided.
src/components/diagnostic/result-entry-dialog.tsx(470,37): error TS17004: Cannot use JSX unless the '--jsx' flag is provided.
src/components/diagnostic/result-entry-dialog.tsx(472,33): error TS17004: Cannot use JSX unless the '--jsx' flag is provided.
src/components/diagnostic/result-entry-dialog.tsx(473,37): error TS17004: Cannot use JSX unless the '--jsx' flag is provided.
src/components/diagnostic/result-entry-dialog.tsx(475,33): error TS17004: Cannot use JSX unless the '--jsx' flag is provided.
src/components/diagnostic/result-entry-dialog.tsx(476,37): error TS17004: Cannot use JSX unless the '--jsx' flag is provided.
src/components/diagnostic/result-entry-dialog.tsx(481,25): error TS17004: Cannot use JSX unless the '--jsx' flag is provided.
src/components/diagnostic/result-entry-dialog.tsx(482,29): error TS17004: Cannot use JSX unless the '--jsx' flag is provided.
src/components/diagnostic/result-entry-dialog.tsx(484,33): error TS17004: Cannot use JSX unless the '--jsx' flag is provided.
src/components/diagnostic/result-entry-dialog.tsx(485,37): error TS17004: Cannot use JSX unless the '--jsx' flag is provided.
src/components/diagnostic/result-entry-dialog.tsx(486,41): error TS17004: Cannot use JSX unless the '--jsx' flag is provided.
src/components/diagnostic/result-entry-dialog.tsx(487,45): error TS17004: Cannot use JSX unless the '--jsx' flag is provided.
src/components/diagnostic/result-entry-dialog.tsx(488,45): error TS17004: Cannot use JSX unless the '--jsx' flag is provided.
src/components/diagnostic/result-entry-dialog.tsx(495,41): error TS17004: Cannot use JSX unless the '--jsx' flag is provided.
src/components/diagnostic/result-entry-dialog.tsx(496,45): error TS17004: Cannot use JSX unless the '--jsx' flag is provided.
src/components/diagnostic/result-entry-dialog.tsx(497,49): error TS17004: Cannot use JSX unless the '--jsx' flag is provided.
src/components/diagnostic/result-entry-dialog.tsx(498,53): error TS17004: Cannot use JSX unless the '--jsx' flag is provided.
src/components/diagnostic/result-entry-dialog.tsx(501,45): error TS17004: Cannot use JSX unless the '--jsx' flag is provided.
src/components/diagnostic/result-entry-dialog.tsx(502,49): error TS17004: Cannot use JSX unless the '--jsx' flag is provided.
src/components/diagnostic/result-entry-dialog.tsx(503,49): error TS17004: Cannot use JSX unless the '--jsx' flag is provided.
src/components/diagnostic/result-entry-dialog.tsx(504,53): error TS17004: Cannot use JSX unless the '--jsx' flag is provided.
src/components/diagnostic/result-entry-dialog.tsx(505,57): error TS17004: Cannot use JSX unless the '--jsx' flag is provided.
src/components/diagnostic/result-entry-dialog.tsx(506,94): error TS17004: Cannot use JSX unless the '--jsx' flag is provided.
src/components/diagnostic/result-entry-dialog.tsx(509,49): error TS17004: Cannot use JSX unless the '--jsx' flag is provided.
src/components/diagnostic/result-entry-dialog.tsx(510,53): error TS17004: Cannot use JSX unless the '--jsx' flag is provided.
src/components/diagnostic/result-entry-dialog.tsx(511,57): error TS17004: Cannot use JSX unless the '--jsx' flag is provided.
src/components/diagnostic/result-entry-dialog.tsx(512,97): error TS17004: Cannot use JSX unless the '--jsx' flag is provided.
src/components/diagnostic/result-entry-dialog.tsx(515,49): error TS17004: Cannot use JSX unless the '--jsx' flag is provided.
src/components/diagnostic/result-entry-dialog.tsx(516,53): error TS17004: Cannot use JSX unless the '--jsx' flag is provided.
src/components/diagnostic/result-entry-dialog.tsx(518,49): error TS17004: Cannot use JSX unless the '--jsx' flag is provided.
src/components/diagnostic/result-entry-dialog.tsx(519,53): error TS17004: Cannot use JSX unless the '--jsx' flag is provided.
src/components/diagnostic/result-entry-dialog.tsx(521,49): error TS17004: Cannot use JSX unless the '--jsx' flag is provided.
src/components/diagnostic/result-entry-dialog.tsx(522,53): error TS17004: Cannot use JSX unless the '--jsx' flag is provided.
src/components/diagnostic/result-entry-dialog.tsx(528,37): error TS17004: Cannot use JSX unless the '--jsx' flag is provided.
src/components/diagnostic/result-entry-dialog.tsx(530,45): error TS17004: Cannot use JSX unless the '--jsx' flag is provided.
src/components/diagnostic/result-entry-dialog.tsx(531,49): error TS17004: Cannot use JSX unless the '--jsx' flag is provided.
src/components/diagnostic/result-entry-dialog.tsx(532,53): error TS17004: Cannot use JSX unless the '--jsx' flag is provided.
src/components/diagnostic/result-entry-dialog.tsx(534,49): error TS17004: Cannot use JSX unless the '--jsx' flag is provided.
src/components/diagnostic/result-entry-dialog.tsx(540,49): error TS17004: Cannot use JSX unless the '--jsx' flag is provided.
src/components/diagnostic/result-entry-dialog.tsx(540,230): error TS17004: Cannot use JSX unless the '--jsx' flag is provided.
src/components/diagnostic/result-entry-dialog.tsx(544,45): error TS17004: Cannot use JSX unless the '--jsx' flag is provided.
src/components/diagnostic/result-entry-dialog.tsx(545,49): error TS17004: Cannot use JSX unless the '--jsx' flag is provided.
src/components/diagnostic/result-entry-dialog.tsx(546,53): error TS17004: Cannot use JSX unless the '--jsx' flag is provided.
src/components/diagnostic/result-entry-dialog.tsx(549,49): error TS17004: Cannot use JSX unless the '--jsx' flag is provided.
src/components/diagnostic/result-entry-dialog.tsx(550,53): error TS17004: Cannot use JSX unless the '--jsx' flag is provided.
src/components/diagnostic/result-entry-dialog.tsx(551,57): error TS17004: Cannot use JSX unless the '--jsx' flag is provided.
src/components/diagnostic/result-entry-dialog.tsx(552,61): error TS17004: Cannot use JSX unless the '--jsx' flag is provided.
src/components/diagnostic/result-entry-dialog.tsx(561,61): error TS17004: Cannot use JSX unless the '--jsx' flag is provided.
src/components/diagnostic/result-entry-dialog.tsx(562,65): error TS17004: Cannot use JSX unless the '--jsx' flag is provided.
src/components/diagnostic/result-entry-dialog.tsx(566,53): error TS17004: Cannot use JSX unless the '--jsx' flag is provided.
src/components/diagnostic/result-entry-dialog.tsx(567,57): error TS17004: Cannot use JSX unless the '--jsx' flag is provided.
src/components/diagnostic/result-entry-dialog.tsx(568,61): error TS17004: Cannot use JSX unless the '--jsx' flag is provided.
src/components/diagnostic/result-entry-dialog.tsx(574,61): error TS17004: Cannot use JSX unless the '--jsx' flag is provided.
src/components/diagnostic/result-entry-dialog.tsx(575,65): error TS17004: Cannot use JSX unless the '--jsx' flag is provided.
src/components/diagnostic/result-entry-dialog.tsx(577,69): error TS17004: Cannot use JSX unless the '--jsx' flag is provided.
src/components/diagnostic/result-entry-dialog.tsx(589,65): error TS17004: Cannot use JSX unless the '--jsx' flag is provided.
src/components/diagnostic/result-entry-dialog.tsx(591,73): error TS17004: Cannot use JSX unless the '--jsx' flag is provided.
src/components/diagnostic/result-entry-dialog.tsx(607,77): error TS17004: Cannot use JSX unless the '--jsx' flag is provided.
src/components/diagnostic/result-entry-dialog.tsx(609,81): error TS17004: Cannot use JSX unless the '--jsx' flag is provided.
src/components/diagnostic/result-entry-dialog.tsx(621,45): error TS17004: Cannot use JSX unless the '--jsx' flag is provided.
src/components/diagnostic/result-entry-dialog.tsx(622,49): error TS17004: Cannot use JSX unless the '--jsx' flag is provided.
src/components/diagnostic/result-entry-dialog.tsx(623,49): error TS17004: Cannot use JSX unless the '--jsx' flag is provided.
src/components/diagnostic/result-entry-dialog.tsx(629,49): error TS17004: Cannot use JSX unless the '--jsx' flag is provided.
src/components/diagnostic/result-entry-dialog.tsx(629,240): error TS17004: Cannot use JSX unless the '--jsx' flag is provided.
src/components/diagnostic/result-entry-dialog.tsx(633,45): error TS17004: Cannot use JSX unless the '--jsx' flag is provided.
src/components/diagnostic/result-entry-dialog.tsx(634,49): error TS17004: Cannot use JSX unless the '--jsx' flag is provided.
src/components/diagnostic/result-entry-dialog.tsx(635,53): error TS17004: Cannot use JSX unless the '--jsx' flag is provided.
src/components/diagnostic/result-entry-dialog.tsx(637,49): error TS17004: Cannot use JSX unless the '--jsx' flag is provided.
src/components/diagnostic/result-entry-dialog.tsx(643,49): error TS17004: Cannot use JSX unless the '--jsx' flag is provided.
src/components/diagnostic/result-entry-dialog.tsx(643,232): error TS17004: Cannot use JSX unless the '--jsx' flag is provided.
src/components/diagnostic/result-entry-dialog.tsx(647,45): error TS17004: Cannot use JSX unless the '--jsx' flag is provided.
src/components/diagnostic/result-entry-dialog.tsx(648,49): error TS17004: Cannot use JSX unless the '--jsx' flag is provided.
src/components/diagnostic/result-entry-dialog.tsx(649,53): error TS17004: Cannot use JSX unless the '--jsx' flag is provided.
src/components/diagnostic/result-entry-dialog.tsx(651,49): error TS17004: Cannot use JSX unless the '--jsx' flag is provided.
src/components/diagnostic/result-entry-dialog.tsx(657,49): error TS17004: Cannot use JSX unless the '--jsx' flag is provided.
src/components/diagnostic/result-entry-dialog.tsx(657,236): error TS17004: Cannot use JSX unless the '--jsx' flag is provided.
src/components/diagnostic/result-entry-dialog.tsx(664,33): error TS17004: Cannot use JSX unless the '--jsx' flag is provided.
src/components/diagnostic/result-entry-dialog.tsx(665,37): error TS17004: Cannot use JSX unless the '--jsx' flag is provided.
src/components/diagnostic/result-entry-dialog.tsx(667,45): error TS17004: Cannot use JSX unless the '--jsx' flag is provided.
src/components/diagnostic/result-entry-dialog.tsx(669,53): error TS17004: Cannot use JSX unless the '--jsx' flag is provided.
src/components/diagnostic/result-entry-dialog.tsx(671,61): error TS17004: Cannot use JSX unless the '--jsx' flag is provided.
src/components/diagnostic/result-entry-dialog.tsx(682,65): error TS17004: Cannot use JSX unless the '--jsx' flag is provided.
src/components/diagnostic/result-entry-dialog.tsx(686,69): error TS17004: Cannot use JSX unless the '--jsx' flag is provided.
src/components/diagnostic/result-entry-dialog.tsx(688,65): error TS17004: Cannot use JSX unless the '--jsx' flag is provided.
src/components/diagnostic/result-entry-dialog.tsx(690,73): error TS17004: Cannot use JSX unless the '--jsx' flag is provided.
src/components/diagnostic/result-entry-dialog.tsx(691,77): error TS17004: Cannot use JSX unless the '--jsx' flag is provided.
src/components/diagnostic/result-entry-dialog.tsx(692,81): error TS17004: Cannot use JSX unless the '--jsx' flag is provided.
src/components/diagnostic/result-entry-dialog.tsx(693,85): error TS17004: Cannot use JSX unless the '--jsx' flag is provided.
src/components/diagnostic/result-entry-dialog.tsx(696,77): error TS17004: Cannot use JSX unless the '--jsx' flag is provided.
src/components/diagnostic/result-entry-dialog.tsx(697,81): error TS17004: Cannot use JSX unless the '--jsx' flag is provided.
src/components/diagnostic/result-entry-dialog.tsx(701,89): error TS17004: Cannot use JSX unless the '--jsx' flag is provided.
src/components/diagnostic/result-entry-dialog.tsx(702,93): error TS17004: Cannot use JSX unless the '--jsx' flag is provided.
src/components/diagnostic/result-entry-dialog.tsx(706,97): error TS17004: Cannot use JSX unless the '--jsx' flag is provided.
src/components/diagnostic/result-entry-dialog.tsx(707,97): error TS17004: Cannot use JSX unless the '--jsx' flag is provided.
src/components/diagnostic/result-entry-dialog.tsx(710,97): error TS17004: Cannot use JSX unless the '--jsx' flag is provided.
src/components/diagnostic/result-entry-dialog.tsx(716,101): error TS17004: Cannot use JSX unless the '--jsx' flag is provided.
src/components/diagnostic/result-entry-dialog.tsx(722,81): error TS17004: Cannot use JSX unless the '--jsx' flag is provided.
src/components/diagnostic/result-entry-dialog.tsx(723,81): error TS17004: Cannot use JSX unless the '--jsx' flag is provided.
src/components/diagnostic/result-entry-dialog.tsx(724,85): error TS17004: Cannot use JSX unless the '--jsx' flag is provided.
src/components/diagnostic/result-entry-dialog.tsx(729,69): error TS17004: Cannot use JSX unless the '--jsx' flag is provided.
src/components/diagnostic/result-entry-dialog.tsx(735,73): error TS17004: Cannot use JSX unless the '--jsx' flag is provided.
src/components/diagnostic/result-entry-dialog.tsx(737,69): error TS17004: Cannot use JSX unless the '--jsx' flag is provided.
src/components/diagnostic/result-entry-dialog.tsx(743,73): error TS17004: Cannot use JSX unless the '--jsx' flag is provided.
src/components/diagnostic/result-entry-dialog.tsx(748,65): error TS17004: Cannot use JSX unless the '--jsx' flag is provided.
src/components/diagnostic/result-entry-dialog.tsx(750,73): error TS17004: Cannot use JSX unless the '--jsx' flag is provided.
src/components/diagnostic/result-entry-dialog.tsx(751,77): error TS17004: Cannot use JSX unless the '--jsx' flag is provided.
src/components/diagnostic/result-entry-dialog.tsx(752,77): error TS17004: Cannot use JSX unless the '--jsx' flag is provided.
src/components/diagnostic/result-entry-dialog.tsx(762,73): error TS17004: Cannot use JSX unless the '--jsx' flag is provided.
src/components/diagnostic/result-entry-dialog.tsx(773,85): error TS17004: Cannot use JSX unless the '--jsx' flag is provided.
src/components/diagnostic/result-entry-dialog.tsx(796,77): error TS17004: Cannot use JSX unless the '--jsx' flag is provided.
src/components/diagnostic/result-entry-dialog.tsx(797,81): error TS17004: Cannot use JSX unless the '--jsx' flag is provided.
src/components/diagnostic/result-entry-dialog.tsx(803,85): error TS17004: Cannot use JSX unless the '--jsx' flag is provided.
src/components/diagnostic/result-entry-dialog.tsx(805,81): error TS17004: Cannot use JSX unless the '--jsx' flag is provided.
src/components/diagnostic/result-entry-dialog.tsx(811,85): error TS17004: Cannot use JSX unless the '--jsx' flag is provided.
src/components/diagnostic/result-entry-dialog.tsx(819,73): error TS17004: Cannot use JSX unless the '--jsx' flag is provided.
src/components/diagnostic/result-entry-dialog.tsx(820,77): error TS17004: Cannot use JSX unless the '--jsx' flag is provided.
src/components/diagnostic/result-entry-dialog.tsx(821,111): error TS17004: Cannot use JSX unless the '--jsx' flag is provided.
src/components/diagnostic/result-entry-dialog.tsx(821,162): error TS17004: Cannot use JSX unless the '--jsx' flag is provided.
src/components/diagnostic/result-entry-dialog.tsx(822,81): error TS17004: Cannot use JSX unless the '--jsx' flag is provided.
src/components/diagnostic/result-entry-dialog.tsx(827,81): error TS17004: Cannot use JSX unless the '--jsx' flag is provided.
src/components/diagnostic/result-entry-dialog.tsx(833,81): error TS17004: Cannot use JSX unless the '--jsx' flag is provided.
src/components/diagnostic/result-entry-dialog.tsx(855,33): error TS17004: Cannot use JSX unless the '--jsx' flag is provided.
src/components/diagnostic/result-entry-dialog.tsx(856,37): error TS17004: Cannot use JSX unless the '--jsx' flag is provided.
src/components/diagnostic/result-entry-dialog.tsx(857,41): error TS17004: Cannot use JSX unless the '--jsx' flag is provided.
src/components/diagnostic/result-entry-dialog.tsx(858,45): error TS17004: Cannot use JSX unless the '--jsx' flag is provided.
src/components/diagnostic/result-entry-dialog.tsx(860,41): error TS17004: Cannot use JSX unless the '--jsx' flag is provided.
src/components/diagnostic/result-entry-dialog.tsx(861,45): error TS17004: Cannot use JSX unless the '--jsx' flag is provided.
src/components/diagnostic/result-entry-dialog.tsx(862,49): error TS17004: Cannot use JSX unless the '--jsx' flag is provided.
src/components/diagnostic/result-entry-dialog.tsx(864,45): error TS17004: Cannot use JSX unless the '--jsx' flag is provided.
src/components/diagnostic/result-entry-dialog.tsx(866,53): error TS17004: Cannot use JSX unless the '--jsx' flag is provided.
src/components/diagnostic/result-entry-dialog.tsx(866,107): error TS17004: Cannot use JSX unless the '--jsx' flag is provided.
src/components/diagnostic/result-entry-dialog.tsx(867,53): error TS2552: Cannot find name 'employees'. Did you mean 'employeesRes'?
src/components/diagnostic/result-entry-dialog.tsx(868,53): error TS17004: Cannot use JSX unless the '--jsx' flag is provided.
src/components/diagnostic/result-entry-dialog.tsx(872,41): error TS17004: Cannot use JSX unless the '--jsx' flag is provided.
src/components/diagnostic/result-entry-dialog.tsx(874,37): error TS17004: Cannot use JSX unless the '--jsx' flag is provided.
src/components/diagnostic/result-entry-dialog.tsx(875,41): error TS17004: Cannot use JSX unless the '--jsx' flag is provided.
src/components/diagnostic/result-entry-dialog.tsx(876,41): error TS17004: Cannot use JSX unless the '--jsx' flag is provided.
src/components/diagnostic/result-entry-dialog.tsx(889,17): error TS17004: Cannot use JSX unless the '--jsx' flag is provided.
src/components/diagnostic/result-entry-dialog.tsx(890,21): error TS17004: Cannot use JSX unless the '--jsx' flag is provided.
src/components/diagnostic/result-entry-dialog.tsx(893,21): error TS17004: Cannot use JSX unless the '--jsx' flag is provided.
src/components/diagnostic/result-entry-dialog.tsx(894,25): error TS17004: Cannot use JSX unless the '--jsx' flag is provided.
src/components/diagnostic/result-entry-dialog.tsx(899,55): error TS17004: Cannot use JSX unless the '--jsx' flag is provided.
